Analysis & Synthesis report for DC32VQM
Thu Jul 03 20:48:51 2008
Quartus II Version 7.2 Build 175 11/20/2007 Service Pack 1 SJ Web Edition


---------------------
; Table of Contents ;
---------------------
  1. Legal Notice
  2. Analysis & Synthesis Summary
  3. Analysis & Synthesis Settings
  4. Analysis & Synthesis Source Files Read
  5. Analysis & Synthesis Resource Usage Summary
  6. Analysis & Synthesis Resource Utilization by Entity
  7. Logic Cells Representing Combinational Loops
  8. General Register Statistics
  9. Analysis & Synthesis Messages



----------------
; Legal Notice ;
----------------
Copyright (C) 1991-2007 Altera Corporation
Your use of Altera Corporation's design tools, logic functions 
and other software and tools, and its AMPP partner logic 
functions, and any output files from any of the foregoing 
(including device programming or simulation files), and any 
associated documentation or information are expressly subject 
to the terms and conditions of the Altera Program License 
Subscription Agreement, Altera MegaCore Function License 
Agreement, or other applicable license agreement, including, 
without limitation, that your use is for the sole purpose of 
programming logic devices manufactured by Altera and sold by 
Altera or its authorized distributors.  Please refer to the 
applicable agreement for further details.



+----------------------------------------------------------------------------+
; Analysis & Synthesis Summary                                               ;
+-----------------------------+----------------------------------------------+
; Analysis & Synthesis Status ; Successful - Thu Jul 03 20:48:51 2008        ;
; Quartus II Version          ; 7.2 Build 175 11/20/2007 SP 1 SJ Web Edition ;
; Revision Name               ; DC32VQM                                      ;
; Top-level Entity Name       ; DC32VQM                                      ;
; Family                      ; Cyclone                                      ;
; Total logic elements        ; 783                                          ;
; Total pins                  ; 122                                          ;
; Total virtual pins          ; 0                                            ;
; Total memory bits           ; 0                                            ;
; DSP block 9-bit elements    ; N/A until Partition Merge                    ;
; Total PLLs                  ; 0                                            ;
; Total DLLs                  ; N/A until Partition Merge                    ;
+-----------------------------+----------------------------------------------+


+--------------------------------------------------------------------------------------------------------------------------+
; Analysis & Synthesis Settings                                                                                            ;
+--------------------------------------------------------------------------------+--------------------+--------------------+
; Option                                                                         ; Setting            ; Default Value      ;
+--------------------------------------------------------------------------------+--------------------+--------------------+
; Device                                                                         ; EP1C4F324C7        ;                    ;
; Top-level entity name                                                          ; DC32VQM            ; DC32VQM            ;
; Family name                                                                    ; Cyclone            ; Stratix II         ;
; Use Generated Physical Constraints File                                        ; Off                ;                    ;
; Use smart compilation                                                          ; Off                ; Off                ;
; Maximum processors allowed for parallel compilation                            ; 1                  ; 1                  ;
; Restructure Multiplexers                                                       ; Auto               ; Auto               ;
; Create Debugging Nodes for IP Cores                                            ; Off                ; Off                ;
; Preserve fewer node names                                                      ; On                 ; On                 ;
; Disable OpenCore Plus hardware evaluation                                      ; Off                ; Off                ;
; Verilog Version                                                                ; Verilog_2001       ; Verilog_2001       ;
; VHDL Version                                                                   ; VHDL93             ; VHDL93             ;
; State Machine Processing                                                       ; Auto               ; Auto               ;
; Safe State Machine                                                             ; Off                ; Off                ;
; Extract Verilog State Machines                                                 ; On                 ; On                 ;
; Extract VHDL State Machines                                                    ; On                 ; On                 ;
; Ignore Verilog initial constructs                                              ; Off                ; Off                ;
; Add Pass-Through Logic to Inferred RAMs                                        ; On                 ; On                 ;
; Parallel Synthesis                                                             ; Off                ; Off                ;
; NOT Gate Push-Back                                                             ; On                 ; On                 ;
; Power-Up Don't Care                                                            ; On                 ; On                 ;
; Remove Redundant Logic Cells                                                   ; Off                ; Off                ;
; Remove Duplicate Registers                                                     ; On                 ; On                 ;
; Ignore CARRY Buffers                                                           ; Off                ; Off                ;
; Ignore CASCADE Buffers                                                         ; Off                ; Off                ;
; Ignore GLOBAL Buffers                                                          ; Off                ; Off                ;
; Ignore ROW GLOBAL Buffers                                                      ; Off                ; Off                ;
; Ignore LCELL Buffers                                                           ; Off                ; Off                ;
; Ignore SOFT Buffers                                                            ; On                 ; On                 ;
; Limit AHDL Integers to 32 Bits                                                 ; Off                ; Off                ;
; Optimization Technique -- Cyclone                                              ; Balanced           ; Balanced           ;
; Carry Chain Length -- Stratix/Stratix GX/Cyclone/MAX II/Cyclone II/Cyclone III ; 70                 ; 70                 ;
; Auto Carry Chains                                                              ; On                 ; On                 ;
; Auto Open-Drain Pins                                                           ; On                 ; On                 ;
; Perform WYSIWYG Primitive Resynthesis                                          ; Off                ; Off                ;
; Perform gate-level register retiming                                           ; Off                ; Off                ;
; Allow register retiming to trade off Tsu/Tco with Fmax                         ; On                 ; On                 ;
; Auto ROM Replacement                                                           ; On                 ; On                 ;
; Auto RAM Replacement                                                           ; On                 ; On                 ;
; Auto Shift Register Replacement                                                ; Auto               ; Auto               ;
; Auto Clock Enable Replacement                                                  ; On                 ; On                 ;
; Allow Synchronous Control Signals                                              ; On                 ; On                 ;
; Force Use of Synchronous Clear Signals                                         ; Off                ; Off                ;
; Auto RAM Block Balancing                                                       ; On                 ; On                 ;
; Auto RAM to Logic Cell Conversion                                              ; Off                ; Off                ;
; Auto Resource Sharing                                                          ; Off                ; Off                ;
; Allow Any RAM Size For Recognition                                             ; Off                ; Off                ;
; Allow Any ROM Size For Recognition                                             ; Off                ; Off                ;
; Allow Any Shift Register Size For Recognition                                  ; Off                ; Off                ;
; Ignore translate_off and synthesis_off directives                              ; Off                ; Off                ;
; Show Parameter Settings Tables in Synthesis Report                             ; On                 ; On                 ;
; Ignore Maximum Fan-Out Assignments                                             ; Off                ; Off                ;
; Retiming Meta-Stability Register Sequence Length                               ; 2                  ; 2                  ;
; PowerPlay Power Optimization                                                   ; Normal compilation ; Normal compilation ;
; HDL message level                                                              ; Level2             ; Level2             ;
; Suppress Register Optimization Related Messages                                ; Off                ; Off                ;
; Number of Removed Registers Reported in Synthesis Report                       ; 100                ; 100                ;
; Clock MUX Protection                                                           ; On                 ; On                 ;
; Block Design Naming                                                            ; Auto               ; Auto               ;
+--------------------------------------------------------------------------------+--------------------+--------------------+


+------------------------------------------------------------------------------------------------------------------------------------------+
; Analysis & Synthesis Source Files Read                                                                                                   ;
+----------------------------------+-----------------+-----------------+-------------------------------------------------------------------+
; File Name with User-Entered Path ; Used in Netlist ; File Type       ; File Name with Absolute Path                                      ;
+----------------------------------+-----------------+-----------------+-------------------------------------------------------------------+
; DC32VQM.vhd                      ; yes             ; User VHDL File  ; K:/Work2008/NowWorking/compArch/DigiCom/DC32VQM/DC32VQM.vhd       ;
; simplecom_ro1.vqm                ; yes             ; Other           ; K:/Work2008/NowWorking/compArch/DigiCom/DC32VQM/simplecom_ro1.vqm ;
+----------------------------------+-----------------+-----------------+-------------------------------------------------------------------+


+------------------------------------------------------------------------------------------+
; Analysis & Synthesis Resource Usage Summary                                              ;
+---------------------------------------------+--------------------------------------------+
; Resource                                    ; Usage                                      ;
+---------------------------------------------+--------------------------------------------+
; Total logic elements                        ; 783                                        ;
;     -- Combinational with no register       ; 542                                        ;
;     -- Register only                        ; 43                                         ;
;     -- Combinational with a register        ; 198                                        ;
;                                             ;                                            ;
; Logic element usage by number of LUT inputs ;                                            ;
;     -- 4 input functions                    ; 450                                        ;
;     -- 3 input functions                    ; 124                                        ;
;     -- 2 input functions                    ; 153                                        ;
;     -- 1 input functions                    ; 12                                         ;
;     -- 0 input functions                    ; 1                                          ;
;                                             ;                                            ;
; Logic elements by mode                      ;                                            ;
;     -- normal mode                          ; 662                                        ;
;     -- arithmetic mode                      ; 121                                        ;
;     -- qfbk mode                            ; 60                                         ;
;     -- register cascade mode                ; 0                                          ;
;     -- synchronous clear/load mode          ; 122                                        ;
;     -- asynchronous clear/load mode         ; 214                                        ;
;                                             ;                                            ;
; Total registers                             ; 241                                        ;
; Total logic cells in carry chains           ; 129                                        ;
; I/O pins                                    ; 122                                        ;
; Maximum fan-out node                        ; simplecom_ro1:DC_inst|reset:inst|reset_out ;
; Maximum fan-out                             ; 230                                        ;
; Total fan-out                               ; 3298                                       ;
; Average fan-out                             ; 3.64                                       ;
+---------------------------------------------+--------------------------------------------+


+----------------------------------------------------------------------------------------------------------------------------------------------------------------------------------------------------------------------------------------------------+
; Analysis & Synthesis Resource Utilization by Entity                                                                                                                                                                                                ;
+----------------------------+-------------+--------------+-------------+------+--------------+--------------+-------------------+------------------+-----------------+------------+--------------------------------------------------+--------------+
; Compilation Hierarchy Node ; Logic Cells ; LC Registers ; Memory Bits ; Pins ; Virtual Pins ; LUT-Only LCs ; Register-Only LCs ; LUT/Register LCs ; Carry Chain LCs ; Packed LCs ; Full Hierarchy Name                              ; Library Name ;
+----------------------------+-------------+--------------+-------------+------+--------------+--------------+-------------------+------------------+-----------------+------------+--------------------------------------------------+--------------+
; |DC32VQM                   ; 783 (1)     ; 241          ; 0           ; 122  ; 0            ; 542 (1)      ; 43 (0)            ; 198 (0)          ; 129 (0)         ; 59 (0)     ; |DC32VQM                                         ; work         ;
;    |simplecom_ro1:DC_inst| ; 782 (0)     ; 241          ; 0           ; 16   ; 0            ; 541 (0)      ; 43 (0)            ; 198 (0)          ; 129 (0)         ; 59 (0)     ; |DC32VQM|simplecom_ro1:DC_inst                   ; work         ;
;       |addlogic:inst2|     ; 43 (43)     ; 2            ; 0           ; 0    ; 0            ; 41 (41)      ; 0 (0)             ; 2 (2)            ; 17 (17)         ; 2 (2)      ; |DC32VQM|simplecom_ro1:DC_inst|addlogic:inst2    ;              ;
;       |control:inst4|      ; 46 (46)     ; 0            ; 0           ; 0    ; 0            ; 46 (46)      ; 0 (0)             ; 0 (0)            ; 0 (0)           ; 10 (10)    ; |DC32VQM|simplecom_ro1:DC_inst|control:inst4     ;              ;
;       |decoder:inst9|      ; 8 (8)       ; 8            ; 0           ; 0    ; 0            ; 0 (0)        ; 0 (0)             ; 8 (8)            ; 0 (0)           ; 0 (0)      ; |DC32VQM|simplecom_ro1:DC_inst|decoder:inst9     ;              ;
;       |inpoutp:inst1|      ; 89 (89)     ; 36           ; 0           ; 0    ; 0            ; 53 (53)      ; 18 (18)           ; 18 (18)          ; 0 (0)           ; 8 (8)      ; |DC32VQM|simplecom_ro1:DC_inst|inpoutp:inst1     ;              ;
;       |reg:inst5|          ; 371 (371)   ; 117          ; 0           ; 0    ; 0            ; 254 (254)    ; 23 (23)           ; 94 (94)          ; 56 (56)         ; 39 (39)    ; |DC32VQM|simplecom_ro1:DC_inst|reg:inst5         ;              ;
;       |regOut:inst11|      ; 126 (126)   ; 4            ; 0           ; 0    ; 0            ; 122 (122)    ; 0 (0)             ; 4 (4)            ; 0 (0)           ; 0 (0)      ; |DC32VQM|simplecom_ro1:DC_inst|regOut:inst11     ;              ;
;       |reset:inst|         ; 27 (27)     ; 21           ; 0           ; 0    ; 0            ; 6 (6)        ; 0 (0)             ; 21 (21)          ; 19 (19)         ; 0 (0)      ; |DC32VQM|simplecom_ro1:DC_inst|reset:inst        ;              ;
;       |scounter:inst8|     ; 67 (67)     ; 49           ; 0           ; 0    ; 0            ; 18 (18)      ; 2 (2)             ; 47 (47)          ; 37 (37)         ; 0 (0)      ; |DC32VQM|simplecom_ro1:DC_inst|scounter:inst8    ;              ;
;       |stepClkGen:inst13|  ; 5 (5)       ; 4            ; 0           ; 0    ; 0            ; 1 (1)        ; 0 (0)             ; 4 (4)            ; 0 (0)           ; 0 (0)      ; |DC32VQM|simplecom_ro1:DC_inst|stepClkGen:inst13 ;              ;
+----------------------------+-------------+--------------+-------------+------+--------------+--------------+-------------------+------------------+-----------------+------------+--------------------------------------------------+--------------+
Note: For table entries with two numbers listed, the numbers in parentheses indicate the number of resources of the given type used by the specific entity alone. The numbers listed outside of parentheses indicate the total resources of the given type used by the specific entity and all of its sub-entities in the hierarchy.


+------------------------------------------------------------+
; Logic Cells Representing Combinational Loops               ;
+--------------------------------------------------------+---+
; Logic Cell Name                                        ;   ;
+--------------------------------------------------------+---+
; simplecom_ro1:DC_inst|regOut:inst11|register_led[7]    ;   ;
; simplecom_ro1:DC_inst|regOut:inst11|register_led[6]    ;   ;
; simplecom_ro1:DC_inst|regOut:inst11|register_led[5]    ;   ;
; simplecom_ro1:DC_inst|regOut:inst11|register_led[4]    ;   ;
; simplecom_ro1:DC_inst|regOut:inst11|register_led[3]    ;   ;
; simplecom_ro1:DC_inst|regOut:inst11|register_led[2]    ;   ;
; simplecom_ro1:DC_inst|regOut:inst11|register_led[1]    ;   ;
; simplecom_ro1:DC_inst|regOut:inst11|register_led[0]    ;   ;
; Number of logic cells representing combinational loops ; 8 ;
+--------------------------------------------------------+---+
Note: All cells listed above may not be present at the end of synthesis due to various synthesis optimizations.


+------------------------------------------------------+
; General Register Statistics                          ;
+----------------------------------------------+-------+
; Statistic                                    ; Value ;
+----------------------------------------------+-------+
; Total registers                              ; 241   ;
; Number of registers using Synchronous Clear  ; 32    ;
; Number of registers using Synchronous Load   ; 21    ;
; Number of registers using Asynchronous Clear ; 186   ;
; Number of registers using Asynchronous Load  ; 28    ;
; Number of registers using Clock Enable       ; 132   ;
; Number of registers using Preset             ; 0     ;
+----------------------------------------------+-------+


+-------------------------------+
; Analysis & Synthesis Messages ;
+-------------------------------+
Info: *******************************************************************
Info: Running Quartus II Analysis & Synthesis
    Info: Version 7.2 Build 175 11/20/2007 Service Pack 1 SJ Web Edition
    Info: Processing started: Thu Jul 03 20:48:45 2008
Info: Command: quartus_map --read_settings_files=on --write_settings_files=off DC32VQM -c DC32VQM
Warning: Can't analyze file -- file K:/Work2008/NowWorking/compArch/DigiCom/DC32VQM/DigCom32VQM.vqm is missing
Info: Found 3 design units, including 1 entities, in source file DC32VQM.vhd
    Info: Found design unit 1: DC32VQM_package
    Info: Found design unit 2: DC32VQM-design
    Info: Found entity 1: DC32VQM
Info: Elaborating entity "DC32VQM" for the top level hierarchy
Warning: Using design file simplecom_ro1.vqm, which is not specified as a design file for the current project, but contains definitions for 1 design units and 1 entities in project
    Info: Found entity 1: simplecom_ro1
Info: Elaborating entity "simplecom_ro1" for hierarchy "simplecom_ro1:DC_inst"
Warning: Output pins are stuck at VCC or GND
    Warning (13410): Pin "segOut1[0]" stuck at GND
    Warning (13410): Pin "segOut2[0]" stuck at GND
    Warning (13410): Pin "selected_reg[0]" stuck at GND
    Warning (13410): Pin "selected_reg[8]" stuck at GND
    Warning (13410): Pin "selected_reg[16]" stuck at GND
    Warning (13410): Pin "selected_reg[24]" stuck at GND
Info: Implemented 905 device resources after synthesis - the final resource count might be different
    Info: Implemented 24 input pins
    Info: Implemented 82 output pins
    Info: Implemented 16 bidirectional pins
    Info: Implemented 783 logic cells
Info: Quartus II Analysis & Synthesis was successful. 0 errors, 9 warnings
    Info: Allocated 156 megabytes of memory during processing
    Info: Processing ended: Thu Jul 03 20:48:51 2008
    Info: Elapsed time: 00:00:06


