Classic Timing Analyzer report for control
Fri Oct 24 21:52:31 2008
Quartus II Version 8.0 Build 231 07/10/2008 Service Pack 1 SJ Web Edition


---------------------
; Table of Contents ;
---------------------
  1. Legal Notice
  2. Timing Analyzer Summary
  3. Timing Analyzer Settings
  4. tpd
  5. Timing Analyzer Messages



----------------
; Legal Notice ;
----------------
Copyright (C) 1991-2008 Altera Corporation
Your use of Altera Corporation's design tools, logic functions 
and other software and tools, and its AMPP partner logic 
functions, and any output files from any of the foregoing 
(including device programming or simulation files), and any 
associated documentation or information are expressly subject 
to the terms and conditions of the Altera Program License 
Subscription Agreement, Altera MegaCore Function License 
Agreement, or other applicable license agreement, including, 
without limitation, that your use is for the sole purpose of 
programming logic devices manufactured by Altera and sold by 
Altera or its authorized distributors.  Please refer to the 
applicable agreement for further details.



+----------------------------------------------------------------------------------------------------------------------------+
; Timing Analyzer Summary                                                                                                    ;
+------------------------------+-------+---------------+-------------+-------+--------+------------+----------+--------------+
; Type                         ; Slack ; Required Time ; Actual Time ; From  ; To     ; From Clock ; To Clock ; Failed Paths ;
+------------------------------+-------+---------------+-------------+-------+--------+------------+----------+--------------+
; Worst-case tpd               ; N/A   ; None          ; 17.137 ns   ; ir[2] ; pc_inr ; --         ; --       ; 0            ;
; Total number of failed paths ;       ;               ;             ;       ;        ;            ;          ; 0            ;
+------------------------------+-------+---------------+-------------+-------+--------+------------+----------+--------------+


+--------------------------------------------------------------------------------------------------------------------+
; Timing Analyzer Settings                                                                                           ;
+---------------------------------------------------------------------+--------------------+------+----+-------------+
; Option                                                              ; Setting            ; From ; To ; Entity Name ;
+---------------------------------------------------------------------+--------------------+------+----+-------------+
; Device Name                                                         ; EP1C4F324C8        ;      ;    ;             ;
; Timing Models                                                       ; Final              ;      ;    ;             ;
; Default hold multicycle                                             ; Same as Multicycle ;      ;    ;             ;
; Cut paths between unrelated clock domains                           ; On                 ;      ;    ;             ;
; Cut off read during write signal paths                              ; On                 ;      ;    ;             ;
; Cut off feedback from I/O pins                                      ; On                 ;      ;    ;             ;
; Report Combined Fast/Slow Timing                                    ; Off                ;      ;    ;             ;
; Ignore Clock Settings                                               ; Off                ;      ;    ;             ;
; Analyze latches as synchronous elements                             ; On                 ;      ;    ;             ;
; Enable Recovery/Removal analysis                                    ; Off                ;      ;    ;             ;
; Enable Clock Latency                                                ; Off                ;      ;    ;             ;
; Use TimeQuest Timing Analyzer                                       ; Off                ;      ;    ;             ;
; Minimum Core Junction Temperature                                   ; 0                  ;      ;    ;             ;
; Maximum Core Junction Temperature                                   ; 85                 ;      ;    ;             ;
; Number of source nodes to report per destination node               ; 10                 ;      ;    ;             ;
; Number of destination nodes to report                               ; 10                 ;      ;    ;             ;
; Number of paths to report                                           ; 200                ;      ;    ;             ;
; Report Minimum Timing Checks                                        ; Off                ;      ;    ;             ;
; Use Fast Timing Models                                              ; Off                ;      ;    ;             ;
; Report IO Paths Separately                                          ; Off                ;      ;    ;             ;
; Perform Multicorner Analysis                                        ; Off                ;      ;    ;             ;
; Reports the worst-case path for each clock domain and analysis      ; Off                ;      ;    ;             ;
; Removes common clock path pessimism (CCPP) during slack computation ; Off                ;      ;    ;             ;
+---------------------------------------------------------------------+--------------------+------+----+-------------+


+---------------------------------------------------------------------------------------------------------------------------------------------+
; tpd                                                                                                                                         ;
+-----------------------------------------+-----------------------------------------------------+-----------------+--------------+------------+
; Slack                                   ; Required P2P Time                                   ; Actual P2P Time ; From         ; To         ;
+-----------------------------------------+-----------------------------------------------------+-----------------+--------------+------------+
; N/A                                     ; None                                                ; 17.137 ns       ; ir[2]        ; pc_inr     ;
; N/A                                     ; None                                                ; 16.709 ns       ; ac[5]        ; pc_inr     ;
; N/A                                     ; None                                                ; 16.640 ns       ; ac[8]        ; pc_inr     ;
; N/A                                     ; None                                                ; 16.511 ns       ; ac[3]        ; pc_inr     ;
; N/A                                     ; None                                                ; 16.020 ns       ; dr[9]        ; pc_inr     ;
; N/A                                     ; None                                                ; 15.981 ns       ; dr[13]       ; pc_inr     ;
; N/A                                     ; None                                                ; 15.550 ns       ; ac[9]        ; pc_inr     ;
; N/A                                     ; None                                                ; 15.550 ns       ; dr[2]        ; pc_inr     ;
; N/A                                     ; None                                                ; 15.501 ns       ; dr[5]        ; pc_inr     ;
; N/A                                     ; None                                                ; 15.487 ns       ; dr[12]       ; pc_inr     ;
; N/A                                     ; None                                                ; 15.447 ns       ; dr[7]        ; pc_inr     ;
; N/A                                     ; None                                                ; 15.435 ns       ; dr[6]        ; pc_inr     ;
; N/A                                     ; None                                                ; 15.426 ns       ; ac[1]        ; pc_inr     ;
; N/A                                     ; None                                                ; 15.396 ns       ; dr[10]       ; pc_inr     ;
; N/A                                     ; None                                                ; 15.352 ns       ; dr[14]       ; pc_inr     ;
; N/A                                     ; None                                                ; 15.306 ns       ; ac[14]       ; pc_inr     ;
; N/A                                     ; None                                                ; 15.253 ns       ; dr[0]        ; pc_inr     ;
; N/A                                     ; None                                                ; 15.204 ns       ; ac[10]       ; pc_inr     ;
; N/A                                     ; None                                                ; 15.193 ns       ; ac[12]       ; pc_inr     ;
; N/A                                     ; None                                                ; 15.185 ns       ; dr[8]        ; pc_inr     ;
; N/A                                     ; None                                                ; 15.140 ns       ; ac[13]       ; pc_inr     ;
; N/A                                     ; None                                                ; 15.138 ns       ; ac[11]       ; pc_inr     ;
; N/A                                     ; None                                                ; 15.134 ns       ; dr[3]        ; pc_inr     ;
; N/A                                     ; None                                                ; 15.120 ns       ; d[1]         ; M_read     ;
; N/A                                     ; None                                                ; 14.987 ns       ; ac[4]        ; pc_inr     ;
; N/A                                     ; None                                                ; 14.781 ns       ; ac[2]        ; pc_inr     ;
; N/A                                     ; None                                                ; 14.757 ns       ; ac[7]        ; pc_inr     ;
; N/A                                     ; None                                                ; 14.719 ns       ; dr[15]       ; pc_inr     ;
; N/A                                     ; None                                                ; 14.699 ns       ; int_r        ; M_read     ;
; N/A                                     ; None                                                ; 14.687 ns       ; ac[0]        ; pc_inr     ;
; N/A                                     ; None                                                ; 14.683 ns       ; clk2         ; M_read     ;
; N/A                                     ; None                                                ; 14.671 ns       ; ac[6]        ; pc_inr     ;
; N/A                                     ; None                                                ; 14.562 ns       ; dr[1]        ; pc_inr     ;
; N/A                                     ; None                                                ; 14.487 ns       ; t[5]         ; sc_clr_out ;
; N/A                                     ; None                                                ; 14.382 ns       ; d[1]         ; ac_ld      ;
; N/A                                     ; None                                                ; 14.328 ns       ; d[2]         ; M_read     ;
; N/A                                     ; None                                                ; 14.238 ns       ; d[0]         ; M_read     ;
; N/A                                     ; None                                                ; 14.133 ns       ; d[1]         ; M_enable   ;
; N/A                                     ; None                                                ; 14.121 ns       ; t[3]         ; sc_clr_out ;
; N/A                                     ; None                                                ; 14.088 ns       ; M_t[3]       ; M_read     ;
; N/A                                     ; None                                                ; 14.087 ns       ; M_t[4]       ; M_read     ;
; N/A                                     ; None                                                ; 14.084 ns       ; fgi          ; pc_inr     ;
; N/A                                     ; None                                                ; 14.062 ns       ; d[7]         ; sc_clr_out ;
; N/A                                     ; None                                                ; 14.001 ns       ; i            ; ac_ld      ;
; N/A                                     ; None                                                ; 13.996 ns       ; t[3]         ; ac_ld      ;
; N/A                                     ; None                                                ; 13.972 ns       ; d[7]         ; M_read     ;
; N/A                                     ; None                                                ; 13.932 ns       ; d[7]         ; ac_ld      ;
; N/A                                     ; None                                                ; 13.880 ns       ; d[1]         ; dr_ld      ;
; N/A                                     ; None                                                ; 13.876 ns       ; d[1]         ; x[7]       ;
; N/A                                     ; None                                                ; 13.860 ns       ; t[5]         ; dr_inr     ;
; N/A                                     ; None                                                ; 13.793 ns       ; d[1]         ; sc_clr_out ;
; N/A                                     ; None                                                ; 13.674 ns       ; t[5]         ; ac_ld      ;
; N/A                                     ; None                                                ; 13.613 ns       ; e            ; pc_inr     ;
; N/A                                     ; None                                                ; 13.605 ns       ; int_r        ; sc_clr_out ;
; N/A                                     ; None                                                ; 13.592 ns       ; d[2]         ; ac_ld      ;
; N/A                                     ; None                                                ; 13.562 ns       ; d[2]         ; sc_clr_out ;
; N/A                                     ; None                                                ; 13.527 ns       ; M_t[6]       ; M_write    ;
; N/A                                     ; None                                                ; 13.506 ns       ; d[0]         ; ac_ld      ;
; N/A                                     ; None                                                ; 13.444 ns       ; i            ; M_read     ;
; N/A                                     ; None                                                ; 13.405 ns       ; M_t[4]       ; M_enable   ;
; N/A                                     ; None                                                ; 13.384 ns       ; M_t[1]       ; M_read     ;
; N/A                                     ; None                                                ; 13.383 ns       ; int_r        ; x[5]       ;
; N/A                                     ; None                                                ; 13.383 ns       ; int_r        ; decode     ;
; N/A                                     ; None                                                ; 13.356 ns       ; t[3]         ; ien_clr    ;
; N/A                                     ; None                                                ; 13.341 ns       ; d[2]         ; M_enable   ;
; N/A                                     ; None                                                ; 13.310 ns       ; d[5]         ; M_enable   ;
; N/A                                     ; None                                                ; 13.255 ns       ; t[3]         ; c_shl      ;
; N/A                                     ; None                                                ; 13.252 ns       ; d[7]         ; M_enable   ;
; N/A                                     ; None                                                ; 13.251 ns       ; d[0]         ; M_enable   ;
; N/A                                     ; None                                                ; 13.157 ns       ; int_r        ; ar_clr     ;
; N/A                                     ; None                                                ; 13.151 ns       ; int_r        ; tr_ld      ;
; N/A                                     ; None                                                ; 13.129 ns       ; M_t[1]       ; M_write    ;
; N/A                                     ; None                                                ; 13.088 ns       ; d[2]         ; dr_ld      ;
; N/A                                     ; None                                                ; 13.087 ns       ; d[3]         ; M_enable   ;
; N/A                                     ; None                                                ; 13.084 ns       ; d[2]         ; x[7]       ;
; N/A                                     ; None                                                ; 13.066 ns       ; i            ; c_shl      ;
; N/A                                     ; None                                                ; 13.060 ns       ; d[7]         ; ien_clr    ;
; N/A                                     ; None                                                ; 13.014 ns       ; d[0]         ; sc_clr_out ;
; N/A                                     ; None                                                ; 12.998 ns       ; d[0]         ; dr_ld      ;
; N/A                                     ; None                                                ; 12.994 ns       ; d[0]         ; x[7]       ;
; N/A                                     ; None                                                ; 12.982 ns       ; int_r        ; ien_clr    ;
; N/A                                     ; None                                                ; 12.949 ns       ; d[7]         ; c_shl      ;
; N/A                                     ; None                                                ; 12.912 ns       ; t[3]         ; pc_inr     ;
; N/A                                     ; None                                                ; 12.880 ns       ; M_t[3]       ; M_enable   ;
; N/A                                     ; None                                                ; 12.871 ns       ; ir[6]        ; c_shl      ;
; N/A                                     ; None                                                ; 12.861 ns       ; i            ; ien_clr    ;
; N/A                                     ; None                                                ; 12.853 ns       ; d[7]         ; pc_inr     ;
; N/A                                     ; None                                                ; 12.783 ns       ; int_r        ; x[7]       ;
; N/A                                     ; None                                                ; 12.782 ns       ; ir[8]        ; pc_inr     ;
; N/A                                     ; None                                                ; 12.770 ns       ; t[5]         ; x[1]       ;
; N/A                                     ; None                                                ; 12.770 ns       ; t[5]         ; pc_ld      ;
; N/A                                     ; None                                                ; 12.733 ns       ; d[5]         ; sc_clr_out ;
; N/A                                     ; None                                                ; 12.727 ns       ; ir[7]        ; ac_ld      ;
; N/A                                     ; None                                                ; 12.707 ns       ; M_t[1]       ; M_enable   ;
; N/A                                     ; None                                                ; 12.599 ns       ; ir[6]        ; ien_clr    ;
; N/A                                     ; None                                                ; 12.550 ns       ; ir[3]        ; pc_inr     ;
; N/A                                     ; None                                                ; 12.534 ns       ; d[4]         ; sc_clr_out ;
; N/A                                     ; None                                                ; 12.508 ns       ; t[3]         ; ac_clr     ;
; N/A                                     ; None                                                ; 12.392 ns       ; ir[4]        ; pc_inr     ;
; N/A                                     ; None                                                ; 12.348 ns       ; int_r        ; M_write    ;
; N/A                                     ; None                                                ; 12.344 ns       ; d[4]         ; x[1]       ;
; N/A                                     ; None                                                ; 12.344 ns       ; d[4]         ; pc_ld      ;
; N/A                                     ; None                                                ; 12.330 ns       ; t[2]         ; sc_clr_out ;
; N/A                                     ; None                                                ; 12.323 ns       ; i            ; ac_clr     ;
; N/A                                     ; None                                                ; 12.308 ns       ; t[3]         ; x[4]       ;
; N/A                                     ; None                                                ; 12.267 ns       ; instStepMode ; sc_clr_out ;
; N/A                                     ; None                                                ; 12.203 ns       ; d[7]         ; ac_clr     ;
; N/A                                     ; None                                                ; 12.159 ns       ; int_r        ; pc_inr     ;
; N/A                                     ; None                                                ; 12.151 ns       ; fgo          ; pc_inr     ;
; N/A                                     ; None                                                ; 12.147 ns       ; t[3]         ; ar_ld      ;
; N/A                                     ; None                                                ; 12.134 ns       ; ir[1]        ; pc_inr     ;
; N/A                                     ; None                                                ; 12.112 ns       ; ac[15]       ; pc_inr     ;
; N/A                                     ; None                                                ; 12.109 ns       ; t[2]         ; x[5]       ;
; N/A                                     ; None                                                ; 12.109 ns       ; t[2]         ; decode     ;
; N/A                                     ; None                                                ; 12.083 ns       ; d[3]         ; sc_clr_out ;
; N/A                                     ; None                                                ; 12.046 ns       ; int_r        ; pc_clr     ;
; N/A                                     ; None                                                ; 12.043 ns       ; t[2]         ; ien_clr    ;
; N/A                                     ; None                                                ; 12.024 ns       ; t[4]         ; sc_clr_out ;
; N/A                                     ; None                                                ; 12.021 ns       ; i            ; ar_ld      ;
; N/A                                     ; None                                                ; 12.012 ns       ; d[7]         ; x[4]       ;
; N/A                                     ; None                                                ; 11.974 ns       ; ir[9]        ; pc_inr     ;
; N/A                                     ; None                                                ; 11.961 ns       ; M_t[6]       ; M_enable   ;
; N/A                                     ; None                                                ; 11.956 ns       ; int_r        ; ar_ld      ;
; N/A                                     ; None                                                ; 11.940 ns       ; clk2         ; M_enable   ;
; N/A                                     ; None                                                ; 11.936 ns       ; int_r        ; ir_ld      ;
; N/A                                     ; None                                                ; 11.926 ns       ; i            ; M_enable   ;
; N/A                                     ; None                                                ; 11.925 ns       ; d[7]         ; ac_inr     ;
; N/A                                     ; None                                                ; 11.920 ns       ; d[7]         ; c_inr      ;
; N/A                                     ; None                                                ; 11.916 ns       ; i            ; pc_inr     ;
; N/A                                     ; None                                                ; 11.855 ns       ; dr[4]        ; pc_inr     ;
; N/A                                     ; None                                                ; 11.850 ns       ; t[3]         ; x[7]       ;
; N/A                                     ; None                                                ; 11.835 ns       ; ir[11]       ; ac_clr     ;
; N/A                                     ; None                                                ; 11.833 ns       ; t[4]         ; x[1]       ;
; N/A                                     ; None                                                ; 11.833 ns       ; t[4]         ; pc_ld      ;
; N/A                                     ; None                                                ; 11.813 ns       ; i            ; x[4]       ;
; N/A                                     ; None                                                ; 11.804 ns       ; t[5]         ; x[3]       ;
; N/A                                     ; None                                                ; 11.802 ns       ; d[5]         ; x[1]       ;
; N/A                                     ; None                                                ; 11.802 ns       ; d[5]         ; pc_ld      ;
; N/A                                     ; None                                                ; 11.725 ns       ; t[6]         ; pc_inr     ;
; N/A                                     ; None                                                ; 11.724 ns       ; i            ; x[7]       ;
; N/A                                     ; None                                                ; 11.711 ns       ; t[0]         ; ar_clr     ;
; N/A                                     ; None                                                ; 11.705 ns       ; t[0]         ; tr_ld      ;
; N/A                                     ; None                                                ; 11.690 ns       ; M_t[4]       ; M_write    ;
; N/A                                     ; None                                                ; 11.688 ns       ; int_r        ; x[6]       ;
; N/A                                     ; None                                                ; 11.598 ns       ; d[6]         ; pc_inr     ;
; N/A                                     ; None                                                ; 11.592 ns       ; d[5]         ; M_write    ;
; N/A                                     ; None                                                ; 11.583 ns       ; t[1]         ; pc_inr     ;
; N/A                                     ; None                                                ; 11.487 ns       ; ir[5]        ; ac_inr     ;
; N/A                                     ; None                                                ; 11.482 ns       ; ir[5]        ; c_inr      ;
; N/A                                     ; None                                                ; 11.477 ns       ; t[1]         ; x[7]       ;
; N/A                                     ; None                                                ; 11.453 ns       ; d[7]         ; out_ld     ;
; N/A                                     ; None                                                ; 11.453 ns       ; d[7]         ; outr_ld    ;
; N/A                                     ; None                                                ; 11.433 ns       ; t[3]         ; sc_stop    ;
; N/A                                     ; None                                                ; 11.388 ns       ; d[7]         ; e_clr      ;
; N/A                                     ; None                                                ; 11.369 ns       ; d[3]         ; M_write    ;
; N/A                                     ; None                                                ; 11.344 ns       ; d[7]         ; ar_ld      ;
; N/A                                     ; None                                                ; 11.308 ns       ; i            ; sc_stop    ;
; N/A                                     ; None                                                ; 11.308 ns       ; instStop     ; sc_clr_out ;
; N/A                                     ; None                                                ; 11.289 ns       ; t[2]         ; pc_inr     ;
; N/A                                     ; None                                                ; 11.286 ns       ; d[3]         ; x[4]       ;
; N/A                                     ; None                                                ; 11.252 ns       ; t[3]         ; e_cme      ;
; N/A                                     ; None                                                ; 11.251 ns       ; ir[0]        ; sc_stop    ;
; N/A                                     ; None                                                ; 11.249 ns       ; dr[11]       ; pc_inr     ;
; N/A                                     ; None                                                ; 11.187 ns       ; ir[11]       ; ac_ld      ;
; N/A                                     ; None                                                ; 11.143 ns       ; t[3]         ; inp_rd     ;
; N/A                                     ; None                                                ; 11.138 ns       ; t[3]         ; c_inpr     ;
; N/A                                     ; None                                                ; 11.135 ns       ; t[3]         ; ac_inr     ;
; N/A                                     ; None                                                ; 11.130 ns       ; t[3]         ; c_inr      ;
; N/A                                     ; None                                                ; 11.122 ns       ; t[3]         ; c_com      ;
; N/A                                     ; None                                                ; 11.120 ns       ; t[3]         ; ien_set    ;
; N/A                                     ; None                                                ; 11.119 ns       ; d[7]         ; sc_stop    ;
; N/A                                     ; None                                                ; 11.114 ns       ; t[3]         ; c_shr      ;
; N/A                                     ; None                                                ; 11.061 ns       ; clk2         ; M_write    ;
; N/A                                     ; None                                                ; 11.047 ns       ; d[7]         ; x[7]       ;
; N/A                                     ; None                                                ; 11.035 ns       ; ir[6]        ; ac_ld      ;
; N/A                                     ; None                                                ; 10.981 ns       ; ir[9]        ; ac_ld      ;
; N/A                                     ; None                                                ; 10.958 ns       ; i            ; inp_rd     ;
; N/A                                     ; None                                                ; 10.953 ns       ; i            ; c_inpr     ;
; N/A                                     ; None                                                ; 10.938 ns       ; t[2]         ; ar_ld      ;
; N/A                                     ; None                                                ; 10.933 ns       ; i            ; c_com      ;
; N/A                                     ; None                                                ; 10.902 ns       ; d[5]         ; x[2]       ;
; N/A                                     ; None                                                ; 10.879 ns       ; d[2]         ; x[3]       ;
; N/A                                     ; None                                                ; 10.863 ns       ; d[7]         ; e_cme      ;
; N/A                                     ; None                                                ; 10.838 ns       ; d[7]         ; inp_rd     ;
; N/A                                     ; None                                                ; 10.833 ns       ; d[7]         ; c_inpr     ;
; N/A                                     ; None                                                ; 10.822 ns       ; i            ; e_cme      ;
; N/A                                     ; None                                                ; 10.819 ns       ; d[7]         ; c_shr      ;
; N/A                                     ; None                                                ; 10.816 ns       ; d[7]         ; c_com      ;
; N/A                                     ; None                                                ; 10.815 ns       ; d[7]         ; ien_set    ;
; N/A                                     ; None                                                ; 10.810 ns       ; ir[10]       ; out_ld     ;
; N/A                                     ; None                                                ; 10.810 ns       ; ir[10]       ; outr_ld    ;
; N/A                                     ; None                                                ; 10.785 ns       ; t[6]         ; sc_clr_out ;
; N/A                                     ; None                                                ; 10.772 ns       ; t[3]         ; out_ld     ;
; N/A                                     ; None                                                ; 10.772 ns       ; t[3]         ; outr_ld    ;
; N/A                                     ; None                                                ; 10.747 ns       ; ir[10]       ; e_clr      ;
; N/A                                     ; None                                                ; 10.736 ns       ; t[1]         ; pc_clr     ;
; N/A                                     ; None                                                ; 10.700 ns       ; t[3]         ; e_clr      ;
; N/A                                     ; None                                                ; 10.692 ns       ; ir[8]        ; e_cme      ;
; N/A                                     ; None                                                ; 10.630 ns       ; t[1]         ; ir_ld      ;
; N/A                                     ; None                                                ; 10.626 ns       ; d[0]         ; c_and      ;
; Timing analysis restricted to 200 rows. ; To change the limit use Settings (Assignments menu) ;                 ;              ;            ;
+-----------------------------------------+-----------------------------------------------------+-----------------+--------------+------------+


+--------------------------+
; Timing Analyzer Messages ;
+--------------------------+
Info: *******************************************************************
Info: Running Quartus II Classic Timing Analyzer
    Info: Version 8.0 Build 231 07/10/2008 Service Pack 1 SJ Web Edition
    Info: Processing started: Fri Oct 24 21:52:30 2008
Info: Command: quartus_tan --read_settings_files=off --write_settings_files=off control -c control --timing_analysis_only
Info: Longest tpd from source pin "ir[2]" to destination pin "pc_inr" is 17.137 ns
    Info: 1: + IC(0.000 ns) + CELL(1.475 ns) = 1.475 ns; Loc. = PIN_T12; Fanout = 1; PIN Node = 'ir[2]'
    Info: 2: + IC(6.685 ns) + CELL(0.590 ns) = 8.750 ns; Loc. = LC_X22_Y17_N6; Fanout = 1; COMB Node = 'pc_inr~484'
    Info: 3: + IC(0.432 ns) + CELL(0.590 ns) = 9.772 ns; Loc. = LC_X22_Y17_N2; Fanout = 1; COMB Node = 'pc_inr~487'
    Info: 4: + IC(2.946 ns) + CELL(0.590 ns) = 13.308 ns; Loc. = LC_X2_Y14_N2; Fanout = 1; COMB Node = 'pc_inr~488'
    Info: 5: + IC(0.182 ns) + CELL(0.114 ns) = 13.604 ns; Loc. = LC_X2_Y14_N3; Fanout = 1; COMB Node = 'pc_inr~499'
    Info: 6: + IC(1.425 ns) + CELL(2.108 ns) = 17.137 ns; Loc. = PIN_F8; Fanout = 0; PIN Node = 'pc_inr'
    Info: Total cell delay = 5.467 ns ( 31.90 % )
    Info: Total interconnect delay = 11.670 ns ( 68.10 % )
Info: Quartus II Classic Timing Analyzer was successful. 0 errors, 0 warnings
    Info: Peak virtual memory: 124 megabytes
    Info: Processing ended: Fri Oct 24 21:52:32 2008
    Info: Elapsed time: 00:00:02
    Info: Total CPU time (on all processors): 00:00:01


